// Jest Snapshot v1, https://goo.gl/fbAQLP

exports[`Color Picker renders color picker component 1`] = `<Fragment />`;
